// Jest Snapshot v1, https://goo.gl/fbAQLP

exports[`Components - TextLabel renders correctly 1`] = `
<Text
  accessible={true}
  allowFontScaling={true}
  ellipsizeMode="tail"
  style={
    Array [
      Object {},
      undefined,
    ]
  }
/>
`;
